$%seq ( $return ( 0 , $lll ( $%seq ( $%seq ( $mstore ( 28 , $calldataload ( 0 ) ) , $mstore ( 32 , 1461501637330902918203684832716283019655932542976 ) , $mstore ( 64 , 170141183460469231731687303715884105727 ) , $mstore ( 96 , -170141183460469231731687303715884105728 ) , $mstore ( 128 , 1701411834604692317316873037158841057270000000000 ) , $mstore ( 160 , -1701411834604692317316873037158841057280000000000 ) ) , $if ( $eq ( $mload ( 0 ) , 3264763256 ) , $%seq ( $pass , $assert ( $iszero ( $callvalue ) ) , $with ( $_loc , $%seq ( $mstore ( 320 , 5 ) , $mstore ( $add ( 320 , 32 ) , 47237446186964047356529078487726681904857602541872513497069725882920290222080 ) , 320 ) , $%seq ( $mstore ( $sub ( $_loc , 32 ) , 32 ) , $return ( $sub ( $_loc , 32 ) , $ceil32 ( $add ( $mload ( $_loc ) , 64 ) ) ) ) ) , $stop ) ) ) , 0 ) ) )
