$%seq ( $return ( 0 , $lll ( $%seq ( $%seq ( $mstore ( 28 , $calldataload ( 0 ) ) , $mstore ( 32 , 1461501637330902918203684832716283019655932542976 ) , $mstore ( 64 , 170141183460469231731687303715884105727 ) , $mstore ( 96 , -170141183460469231731687303715884105728 ) , $mstore ( 128 , 1701411834604692317316873037158841057270000000000 ) , $mstore ( 160 , -1701411834604692317316873037158841057280000000000 ) ) , $if ( $eq ( $mload ( 0 ) , 3264763256 ) , $%seq ( $pass , $assert ( $iszero ( $callvalue ) ) , $%seq ( $%seq ( $mstore ( 320 , 1 ) , $mstore ( 352 , 2 ) , $mstore ( 384 , 3 ) , $mstore ( 416 , 4 ) ) , $log1 ( 320 , 128 , 109018203172587760336500144510619617288757461242172758304564404389609541436238 ) ) , $stop ) ) ) , 0 ) ) )
