$%seq ( $return ( 0 , $lll ( $%seq ( $%seq ( $mstore ( 28 , $calldataload ( 0 ) ) , $mstore ( 32 , 1461501637330902918203684832716283019655932542976 ) , $mstore ( 64 , 170141183460469231731687303715884105727 ) , $mstore ( 96 , -170141183460469231731687303715884105728 ) , $mstore ( 128 , 1701411834604692317316873037158841057270000000000 ) , $mstore ( 160 , -1701411834604692317316873037158841057280000000000 ) ) , $if ( $eq ( $mload ( 0 ) , 3369946726 ) , $%seq ( $pass , $assert ( $iszero ( $callvalue ) ) , $%seq ( $mstore ( 0 , $clamp ( $mload ( 96 ) , $smod ( 1 , $clamp_nonzero ( 2 ) ) , $mload ( 64 ) ) ) , $return ( 0 , 32 ) ) , $stop ) ) , $if ( $eq ( $mload ( 0 ) , 1753020054 ) , $%seq ( $pass , $assert ( $iszero ( $callvalue ) ) , $%seq ( $mstore ( 0 , $clamp ( $mload ( 160 ) , $smod ( 15000000000 , $clamp_nonzero ( 3300000000 ) ) , $mload ( 128 ) ) ) , $return ( 0 , 32 ) ) , $stop ) ) , $if ( $eq ( $mload ( 0 ) , 973439414 ) , $%seq ( $pass , $assert ( $iszero ( $callvalue ) ) , $%seq ( $mstore ( 0 , $clamp ( $mload ( 160 ) , $smod ( 5000000000 , $mul ( $clamp_nonzero ( 1 ) , 10000000000 ) ) , $mload ( 128 ) ) ) , $return ( 0 , 32 ) ) , $stop ) ) , $if ( $eq ( $mload ( 0 ) , 3886547014 ) , $%seq ( $pass , $assert ( $iszero ( $callvalue ) ) , $%seq ( $mstore ( 0 , $clamp ( $mload ( 160 ) , $smod ( 15000000000 , $mul ( $clamp_nonzero ( 1 ) , 10000000000 ) ) , $mload ( 128 ) ) ) , $return ( 0 , 32 ) ) , $stop ) ) ) , 0 ) ) )
