$%seq ( $return ( 0 , $lll ( $%seq ( $%seq ( $mstore ( 28 , $calldataload ( 0 ) ) , $mstore ( 32 , 1461501637330902918203684832716283019655932542976 ) , $mstore ( 64 , 170141183460469231731687303715884105727 ) , $mstore ( 96 , -170141183460469231731687303715884105728 ) , $mstore ( 128 , 1701411834604692317316873037158841057270000000000 ) , $mstore ( 160 , -1701411834604692317316873037158841057280000000000 ) ) , $if ( $eq ( $mload ( 0 ) , 162857001 ) , $%seq ( $calldatacopy ( 320 , 4 , 128 ) , $assert ( $iszero ( $callvalue ) ) , $%seq ( $%seq ( $clamp ( $mload ( 96 ) , $calldataload ( $add ( 4 , 0 ) ) , $mload ( 64 ) ) , $clamp ( $mload ( 96 ) , $calldataload ( $add ( 4 , 32 ) ) , $mload ( 64 ) ) ) , $%seq ( $clamp ( $mload ( 96 ) , $calldataload ( $add ( 4 , 64 ) ) , $mload ( 64 ) ) , $clamp ( $mload ( 96 ) , $calldataload ( $add ( 4 , 96 ) ) , $mload ( 64 ) ) ) ) , $with ( $_L , $sha3_32 ( 0 ) , $with ( $_R , 320 , $%seq ( $with ( $_L , $sha3_32 ( $add ( $_L , $uclamplt ( 0 , 2 ) ) ) , $with ( $_R , $add ( $mul ( 64 , $uclamplt ( 0 , 2 ) ) , $_R ) , $%seq ( $sstore ( $add ( $_L , $uclamplt ( 0 , 2 ) ) , $mul ( $mload ( $add ( $mul ( 32 , $uclamplt ( 0 , 2 ) ) , $_R ) ) , 10000000000 ) ) , $sstore ( $add ( $_L , $uclamplt ( 1 , 2 ) ) , $mul ( $mload ( $add ( $mul ( 32 , $uclamplt ( 1 , 2 ) ) , $_R ) ) , 10000000000 ) ) ) ) ) , $with ( $_L , $sha3_32 ( $add ( $_L , $uclamplt ( 1 , 2 ) ) ) , $with ( $_R , $add ( $mul ( 64 , $uclamplt ( 1 , 2 ) ) , $_R ) , $%seq ( $sstore ( $add ( $_L , $uclamplt ( 0 , 2 ) ) , $mul ( $mload ( $add ( $mul ( 32 , $uclamplt ( 0 , 2 ) ) , $_R ) ) , 10000000000 ) ) , $sstore ( $add ( $_L , $uclamplt ( 1 , 2 ) ) , $mul ( $mload ( $add ( $mul ( 32 , $uclamplt ( 1 , 2 ) ) , $_R ) ) , 10000000000 ) ) ) ) ) ) ) ) , $stop ) ) ) , 0 ) ) )
