$%seq ( $return ( 0 , $lll ( $%seq ( $%seq ( $mstore ( 28 , $calldataload ( 0 ) ) , $mstore ( 32 , 1461501637330902918203684832716283019655932542976 ) , $mstore ( 64 , 170141183460469231731687303715884105727 ) , $mstore ( 96 , -170141183460469231731687303715884105728 ) , $mstore ( 128 , 1701411834604692317316873037158841057270000000000 ) , $mstore ( 160 , -1701411834604692317316873037158841057280000000000 ) ) , $if ( $eq ( $mload ( 0 ) , 3264763256 ) , $%seq ( $pass , $assert ( $iszero ( $callvalue ) ) , $%seq ( $pass , $log3 ( 0 , 0 , 35615980735629153974875052501391151452496294853285977100451783837521691647318 , 1 , $address ) ) , $%seq ( $pass , $log3 ( 0 , 0 , 35615980735629153974875052501391151452496294853285977100451783837521691647318 , 1 , $address ) ) , $stop ) ) , $if ( $eq ( $mload ( 0 ) , 4273672062 ) , $%seq ( $pass , $assert ( $iszero ( $callvalue ) ) , $%seq ( $pass , $log3 ( 0 , 0 , 35615980735629153974875052501391151452496294853285977100451783837521691647318 , 1 , $address ) ) , $%seq ( $pass , $log3 ( 0 , 0 , 35615980735629153974875052501391151452496294853285977100451783837521691647318 , 1 , $address ) ) , $stop ) ) ) , 0 ) ) )
