$%seq ( $return ( 0 , $lll ( $%seq ( $%seq ( $mstore ( 28 , $calldataload ( 0 ) ) , $mstore ( 32 , 1461501637330902918203684832716283019655932542976 ) , $mstore ( 64 , 170141183460469231731687303715884105727 ) , $mstore ( 96 , -170141183460469231731687303715884105728 ) , $mstore ( 128 , 1701411834604692317316873037158841057270000000000 ) , $mstore ( 160 , -1701411834604692317316873037158841057280000000000 ) ) , $if ( $eq ( $mload ( 0 ) , 3264763256 ) , $%seq ( $pass , $assert ( $iszero ( $callvalue ) ) , $%seq ( $pass , $log2 ( 0 , 0 , 59706252898153177344596966318188700657335029269745203515167303800616591592307 , 44498830125527143464827115118378702402016761369235290884359940707316142178304 ) ) , $stop ) ) ) , 0 ) ) )
