$%seq ( $return ( 0 , $lll ( $%seq ( $%seq ( $mstore ( 28 , $calldataload ( 0 ) ) , $mstore ( 32 , 1461501637330902918203684832716283019655932542976 ) , $mstore ( 64 , 170141183460469231731687303715884105727 ) , $mstore ( 96 , -170141183460469231731687303715884105728 ) , $mstore ( 128 , 1701411834604692317316873037158841057270000000000 ) , $mstore ( 160 , -1701411834604692317316873037158841057280000000000 ) ) , $if ( $eq ( $mload ( 0 ) , 3264763256 ) , $%seq ( $pass , $assert ( $iszero ( $callvalue ) ) , $assert ( $call ( 0 , $caller , $clamp ( $mload ( 96 ) , $add ( $balance ( $address ) , 1 ) , $mload ( 64 ) ) , 0 , 0 , 0 , 0 ) ) , $stop ) ) , $if ( $eq ( $mload ( 0 ) , 67103786 ) , $%seq ( $pass , $assert ( $iszero ( $callvalue ) ) , $assert ( $call ( 0 , $caller , 10 , 0 , 0 , 0 , 0 ) ) , $stop ) ) ) , 0 ) ) )
