$%seq ( $%seq ( $%seq ( $mstore ( 28 , $calldataload ( 0 ) ) , $mstore ( 32 , 1461501637330902918203684832716283019655932542976 ) , $mstore ( 64 , 170141183460469231731687303715884105727 ) , $mstore ( 96 , -170141183460469231731687303715884105728 ) , $mstore ( 128 , 1701411834604692317316873037158841057270000000000 ) , $mstore ( 160 , -1701411834604692317316873037158841057280000000000 ) ) ) , $%seq ( $pass , $assert ( $iszero ( $callvalue ) ) , $%seq ( $sstore ( 0 , 27 ) , $sstore ( 2 , 37 ) ) ) , $return ( 0 , $lll ( $%seq ( $%seq ( $mstore ( 28 , $calldataload ( 0 ) ) , $mstore ( 32 , 1461501637330902918203684832716283019655932542976 ) , $mstore ( 64 , 170141183460469231731687303715884105727 ) , $mstore ( 96 , -170141183460469231731687303715884105728 ) , $mstore ( 128 , 1701411834604692317316873037158841057270000000000 ) , $mstore ( 160 , -1701411834604692317316873037158841057280000000000 ) ) , $if ( $eq ( $mload ( 0 ) , 2905289290 ) , $%seq ( $calldatacopy ( 320 , 4 , 32 ) , $assert ( $iszero ( $callvalue ) ) , $%seq ( $calldatacopy ( 352 , $add ( 4 , $calldataload ( $add ( 4 , 0 ) ) ) , 92 ) , $assert ( $le ( $calldataload ( $add ( 4 , $calldataload ( $add ( 4 , 0 ) ) ) ) , 60 ) ) ) , $with ( $_pos , 352 , $with ( $_pos , $_pos , $with ( $_opos , $sha3_32 ( 1 ) , $with ( $_actual_len , $add ( $mload ( $_pos ) , 32 ) , $repeat ( 256 , 0 , 3 , $%seq ( $if ( $gt ( $mul ( 32 , $mload ( 256 ) ) , $_actual_len ) , $break ) , $sstore ( $add ( $_opos , $mload ( 256 ) ) , $mload ( $add ( $_pos , $mul ( 32 , $mload ( 256 ) ) ) ) ) ) ) ) ) ) ) , $stop ) ) , $if ( $eq ( $mload ( 0 ) , 710859637 ) , $%seq ( $calldatacopy ( 320 , 4 , 32 ) , $assert ( $iszero ( $callvalue ) ) , $%seq ( $calldatacopy ( 352 , $add ( 4 , $calldataload ( $add ( 4 , 0 ) ) ) , 92 ) , $assert ( $le ( $calldataload ( $add ( 4 , $calldataload ( $add ( 4 , 0 ) ) ) ) , 60 ) ) ) , $with ( $_source , 352 , $with ( $_sz , $add ( 32 , $mload ( $_source ) ) , $assert ( $call ( $add ( 18 , $div ( $_sz , 10 ) ) , 4 , 0 , $_source , $_sz , 480 , $_sz ) ) ) ) , $with ( $_pos , 480 , $with ( $_pos , $_pos , $with ( $_opos , $sha3_32 ( 1 ) , $with ( $_actual_len , $add ( $mload ( $_pos ) , 32 ) , $repeat ( 256 , 0 , 3 , $%seq ( $if ( $gt ( $mul ( 32 , $mload ( 256 ) ) , $_actual_len ) , $break ) , $sstore ( $add ( $_opos , $mload ( 256 ) ) , $mload ( $add ( $_pos , $mul ( 32 , $mload ( 256 ) ) ) ) ) ) ) ) ) ) ) , $with ( $_pos , 1 , $with ( $_pos , $sha3_32 ( $_pos ) , $with ( $_opos , $sha3_32 ( 3 ) , $with ( $_actual_len , $add ( $sload ( $_pos ) , 32 ) , $repeat ( 256 , 0 , 3 , $%seq ( $if ( $gt ( $mul ( 32 , $mload ( 256 ) ) , $_actual_len ) , $break ) , $sstore ( $add ( $_opos , $mload ( 256 ) ) , $sload ( $add ( $_pos , $mload ( 256 ) ) ) ) ) ) ) ) ) ) , $stop ) ) , $if ( $eq ( $mload ( 0 ) , 3530041844 ) , $%seq ( $pass , $assert ( $iszero ( $callvalue ) ) , $%seq ( $with ( $_pos , 1 , $with ( $_pos , $sha3_32 ( $_pos ) , $with ( $_opos , 352 , $with ( $_actual_len , $add ( $sload ( $_pos ) , 32 ) , $repeat ( 256 , 0 , 3 , $%seq ( $if ( $gt ( $mul ( 32 , $mload ( 256 ) ) , $_actual_len ) , $break ) , $mstore ( $add ( $_opos , $mul ( 32 , $mload ( 256 ) ) ) , $sload ( $add ( $_pos , $mload ( 256 ) ) ) ) ) ) ) ) ) ) , $mstore ( 320 , 32 ) , $return ( 320 , $add ( $ceil32 ( $mload ( 352 ) ) , 64 ) ) ) , $stop ) ) , $if ( $eq ( $mload ( 0 ) , 3641365486 ) , $%seq ( $pass , $assert ( $iszero ( $callvalue ) ) , $with ( $_pos , 1 , $with ( $_pos , $sha3_32 ( $_pos ) , $with ( $_opos , 320 , $with ( $_actual_len , $add ( $sload ( $_pos ) , 32 ) , $repeat ( 256 , 0 , 3 , $%seq ( $if ( $gt ( $mul ( 32 , $mload ( 256 ) ) , $_actual_len ) , $break ) , $mstore ( $add ( $_opos , $mul ( 32 , $mload ( 256 ) ) ) , $sload ( $add ( $_pos , $mload ( 256 ) ) ) ) ) ) ) ) ) ) , $with ( $_loc , 320 , $%seq ( $mstore ( $sub ( $_loc , 32 ) , 32 ) , $return ( $sub ( $_loc , 32 ) , $ceil32 ( $add ( $mload ( $_loc ) , 64 ) ) ) ) ) , $stop ) ) , $if ( $eq ( $mload ( 0 ) , 139840940 ) , $%seq ( $pass , $assert ( $iszero ( $callvalue ) ) , $%seq ( $mstore ( 0 , $clamp ( $mload ( 96 ) , $mul ( $sload ( 0 ) , $sload ( 2 ) ) , $mload ( 64 ) ) ) , $return ( 0 , 32 ) ) , $stop ) ) ) , 0 ) ) )
