$%seq ( $return ( 0 , $lll ( $%seq ( $%seq ( $mstore ( 28 , $calldataload ( 0 ) ) , $mstore ( 32 , 1461501637330902918203684832716283019655932542976 ) , $mstore ( 64 , 170141183460469231731687303715884105727 ) , $mstore ( 96 , -170141183460469231731687303715884105728 ) , $mstore ( 128 , 1701411834604692317316873037158841057270000000000 ) , $mstore ( 160 , -1701411834604692317316873037158841057280000000000 ) ) , $if ( $eq ( $mload ( 0 ) , 1516190020 ) , $%seq ( $calldatacopy ( 320 , 4 , 32 ) , $assert ( $iszero ( $callvalue ) ) , $%seq ( $calldatacopy ( 352 , $add ( 4 , $calldataload ( $add ( 4 , 0 ) ) ) , 82 ) , $assert ( $le ( $calldataload ( $add ( 4 , $calldataload ( $add ( 4 , 0 ) ) ) ) , 50 ) ) ) , $with ( $_source , 352 , $with ( $_sz , $add ( 32 , $mload ( $_source ) ) , $assert ( $call ( $add ( 18 , $div ( $_sz , 10 ) ) , 4 , 0 , $_source , $_sz , 480 , $_sz ) ) ) ) , $repeat ( 608 , 1 , 10 , $%seq ( $with ( $_source , $with ( $_start , 1 , $with ( $_length , $clamp ( $mload ( 96 ) , $sub ( 30 , $clamp ( $mload ( 96 ) , $mul ( $mload ( 608 ) , 2 ) , $mload ( 64 ) ) ) , $mload ( 64 ) ) , $with ( $_opos , $add ( 640 , $mod ( $_start , 32 ) ) , $%seq ( $assert ( $lt ( $add ( $_start , $_length ) , 50 ) ) , $with ( $_l , 50 , $pop ( $call ( 23 , 4 , 0 , $add ( 480 , $add ( $sub ( $_start , $mod ( $_start , 32 ) ) , 32 ) ) , $_l , 672 , $_l ) ) ) , $mstore ( $_opos , $_length ) , $_opos ) ) ) ) , $with ( $_sz , $add ( 32 , $mload ( $_source ) ) , $assert ( $call ( $add ( 18 , $div ( $_sz , 10 ) ) , 4 , 0 , $_source , $_sz , 480 , $_sz ) ) ) ) ) ) , $with ( $_loc , 480 , $%seq ( $mstore ( $sub ( $_loc , 32 ) , 32 ) , $return ( $sub ( $_loc , 32 ) , $ceil32 ( $add ( $mload ( $_loc ) , 64 ) ) ) ) ) , $stop ) ) ) , 0 ) ) )
