$%seq ( $return ( 0 , $lll ( $%seq ( $%seq ( $mstore ( 28 , $calldataload ( 0 ) ) , $mstore ( 32 , 1461501637330902918203684832716283019655932542976 ) , $mstore ( 64 , 170141183460469231731687303715884105727 ) , $mstore ( 96 , -170141183460469231731687303715884105728 ) , $mstore ( 128 , 1701411834604692317316873037158841057270000000000 ) , $mstore ( 160 , -1701411834604692317316873037158841057280000000000 ) ) , $if ( $eq ( $mload ( 0 ) , 3650092561 ) , $%seq ( $calldatacopy ( 320 , 4 , 32 ) , $assert ( $iszero ( $callvalue ) ) , $clamp ( $mload ( 96 ) , $calldataload ( $add ( 4 , 0 ) ) , $mload ( 64 ) ) , $mstore ( 352 , 0 ) , $repeat ( 384 , 0 , 3 , $%seq ( $with ( $_mloc , 352 , $mstore ( $_mloc , $clamp ( $mload ( 96 ) , $add ( $mload ( $_mloc ) , $mload ( 384 ) ) , $mload ( 64 ) ) ) ) ) ) , $repeat ( 416 , 0 , 4 , $%seq ( $with ( $_mloc , 352 , $mstore ( $_mloc , $clamp ( $mload ( 96 ) , $add ( $mload ( $_mloc ) , $mload ( 416 ) ) , $mload ( 64 ) ) ) ) ) ) , $stop ) ) ) , 0 ) ) )
