$%seq ( $return ( 0 , $lll ( $%seq ( $%seq ( $mstore ( 28 , $calldataload ( 0 ) ) , $mstore ( 32 , 1461501637330902918203684832716283019655932542976 ) , $mstore ( 64 , 170141183460469231731687303715884105727 ) , $mstore ( 96 , -170141183460469231731687303715884105728 ) , $mstore ( 128 , 1701411834604692317316873037158841057270000000000 ) , $mstore ( 160 , -1701411834604692317316873037158841057280000000000 ) ) , $if ( $eq ( $mload ( 0 ) , 1943314746 ) , $%seq ( $pass , $assert ( $iszero ( $callvalue ) ) , $with ( $_L , 320 , $%seq ( $mstore ( $add ( $mul ( 32 , $uclamplt ( 0 , 3 ) ) , $_L ) , 715574669332965331462488905126228088406116900462 ) , $mstore ( $add ( $mul ( 32 , $uclamplt ( 1 , 3 ) ) , $_L ) , 745948140856946866108753121277737810491401257713 ) , $mstore ( $add ( $mul ( 32 , $uclamplt ( 2 , 3 ) ) , $_L ) , 1261261412747064473059787654210242173679882036493 ) ) ) , $mstore ( 416 , 0 ) , $repeat ( 480 , 0 , 3 , $%seq ( $mstore ( 448 , $mload ( $add ( 320 , $mul ( $mload ( 480 ) , 32 ) ) ) ) , $%seq ( $with ( $_mloc , 416 , $mstore ( $_mloc , $clamp ( $mload ( 96 ) , $add ( $mload ( $_mloc ) , 1 ) , $mload ( 64 ) ) ) ) , $if ( $eq ( $mload ( 416 ) , 2 ) , $%seq ( $%seq ( $mstore ( 0 , $mload ( 448 ) ) , $return ( 0 , 32 ) ) ) ) ) ) ) , $%seq ( $mstore ( 0 , 0 ) , $return ( 0 , 32 ) ) , $stop ) ) ) , 0 ) ) )
