$%seq ( $return ( 0 , $lll ( $%seq ( $%seq ( $mstore ( 28 , $calldataload ( 0 ) ) , $mstore ( 32 , 1461501637330902918203684832716283019655932542976 ) , $mstore ( 64 , 170141183460469231731687303715884105727 ) , $mstore ( 96 , -170141183460469231731687303715884105728 ) , $mstore ( 128 , 1701411834604692317316873037158841057270000000000 ) , $mstore ( 160 , -1701411834604692317316873037158841057280000000000 ) ) , $if ( $eq ( $mload ( 0 ) , 3937679936 ) , $%seq ( $calldatacopy ( 320 , 4 , 32 ) , $assert ( $iszero ( $callvalue ) ) , $clamp ( $mload ( 96 ) , $calldataload ( $add ( 4 , 0 ) ) , $mload ( 64 ) ) , $%seq ( $mstore ( 0 , $mload ( 320 ) ) , $return ( 0 , 32 ) ) , $stop ) ) , $if ( $eq ( $mload ( 0 ) , 384500013 ) , $%seq ( $calldatacopy ( 320 , 4 , 64 ) , $assert ( $iszero ( $callvalue ) ) , $clamp ( $mload ( 96 ) , $calldataload ( $add ( 4 , 0 ) ) , $mload ( 64 ) ) , $clamp ( $mload ( 96 ) , $calldataload ( $add ( 4 , 32 ) ) , $mload ( 64 ) ) , $%seq ( $mstore ( 0 , $clamp ( $mload ( 96 ) , $add ( $mload ( 320 ) , $mload ( 352 ) ) , $mload ( 64 ) ) ) , $return ( 0 , 32 ) ) , $stop ) ) , $if ( $eq ( $mload ( 0 ) , 2055370529 ) , $%seq ( $calldatacopy ( 320 , 4 , 64 ) , $assert ( $iszero ( $callvalue ) ) , $clamp ( $mload ( 96 ) , $calldataload ( $add ( 4 , 0 ) ) , $mload ( 64 ) ) , $clamp ( $mload ( 96 ) , $calldataload ( $add ( 4 , 32 ) ) , $mload ( 64 ) ) , $%seq ( $mstore ( 0 , $clamp ( $mload ( 96 ) , $sub ( $mload ( 320 ) , $mload ( 352 ) ) , $mload ( 64 ) ) ) , $return ( 0 , 32 ) ) , $stop ) ) , $if ( $eq ( $mload ( 0 ) , 2025785816 ) , $%seq ( $calldatacopy ( 320 , 4 , 96 ) , $assert ( $iszero ( $callvalue ) ) , $clamp ( $mload ( 96 ) , $calldataload ( $add ( 4 , 0 ) ) , $mload ( 64 ) ) , $clamp ( $mload ( 96 ) , $calldataload ( $add ( 4 , 32 ) ) , $mload ( 64 ) ) , $clamp ( $mload ( 96 ) , $calldataload ( $add ( 4 , 64 ) ) , $mload ( 64 ) ) , $%seq ( $mstore ( 0 , $clamp ( $mload ( 96 ) , $add ( $clamp ( $mload ( 96 ) , $add ( $mload ( 320 ) , $mload ( 352 ) ) , $mload ( 64 ) ) , $mload ( 384 ) ) , $mload ( 64 ) ) ) , $return ( 0 , 32 ) ) , $stop ) ) , $if ( $eq ( $mload ( 0 ) , 4223212542 ) , $%seq ( $pass , $assert ( $iszero ( $callvalue ) ) , $%seq ( $mstore ( 0 , 170141183460469231731687303715884105727 ) , $return ( 0 , 32 ) ) , $stop ) ) , $if ( $eq ( $mload ( 0 ) , 1293258031 ) , $%seq ( $pass , $assert ( $iszero ( $callvalue ) ) , $%seq ( $mstore ( 0 , -170141183460469231731687303715884105728 ) , $return ( 0 , 32 ) ) , $stop ) ) ) , 0 ) ) )
