$%seq ( $return ( 0 , $lll ( $%seq ( $%seq ( $mstore ( 28 , $calldataload ( 0 ) ) , $mstore ( 32 , 1461501637330902918203684832716283019655932542976 ) , $mstore ( 64 , 170141183460469231731687303715884105727 ) , $mstore ( 96 , -170141183460469231731687303715884105728 ) , $mstore ( 128 , 1701411834604692317316873037158841057270000000000 ) , $mstore ( 160 , -1701411834604692317316873037158841057280000000000 ) ) , $if ( $eq ( $mload ( 0 ) , 3650092561 ) , $%seq ( $calldatacopy ( 320 , 4 , 32 ) , $assert ( $iszero ( $callvalue ) ) , $clamp ( $mload ( 96 ) , $calldataload ( $add ( 4 , 0 ) ) , $mload ( 64 ) ) , $%seq ( $mstore ( 0 , $clamp ( $mload ( 96 ) , $add ( $mload ( 320 ) , 1 ) , $mload ( 64 ) ) ) , $return ( 0 , 32 ) ) , $stop ) ) , $if ( $eq ( $mload ( 0 ) , 1091910332 ) , $%seq ( $calldatacopy ( 320 , 4 , 32 ) , $assert ( $iszero ( $callvalue ) ) , $clamp ( $mload ( 96 ) , $calldataload ( $add ( 4 , 0 ) ) , $mload ( 64 ) ) , $mstore ( 672 , $mload ( $%seq ( $assert ( $call ( $gas , $address , 0 , $%seq ( $mstore ( 512 , 3650092561 ) , $mstore ( 544 , $mload ( $%seq ( $assert ( $call ( $gas , $address , 0 , $%seq ( $mstore ( 352 , 3650092561 ) , $mstore ( 384 , $mload ( 320 ) ) , 380 ) , 36 , 480 , 32 ) ) , 480 ) ) ) , 540 ) , 36 , 640 , 32 ) ) , 640 ) ) ) , $stop ) ) ) , 0 ) ) )
