$%seq ( $return ( 0 , $lll ( $%seq ( $%seq ( $mstore ( 28 , $calldataload ( 0 ) ) , $mstore ( 32 , 1461501637330902918203684832716283019655932542976 ) , $mstore ( 64 , 170141183460469231731687303715884105727 ) , $mstore ( 96 , -170141183460469231731687303715884105728 ) , $mstore ( 128 , 1701411834604692317316873037158841057270000000000 ) , $mstore ( 160 , -1701411834604692317316873037158841057280000000000 ) ) , $if ( $eq ( $mload ( 0 ) , 3101692126 ) , $%seq ( $pass , $assert ( $iszero ( $callvalue ) ) , $with ( $_L , $sha3_32 ( 0 ) , $%seq ( $sstore ( $add ( $_L , $uclamplt ( 0 , 4 ) ) , 3 ) , $sstore ( $add ( $_L , $uclamplt ( 1 , 4 ) ) , 5 ) , $sstore ( $add ( $_L , $uclamplt ( 2 , 4 ) ) , 7 ) , $sstore ( $add ( $_L , $uclamplt ( 3 , 4 ) ) , 9 ) ) ) , $stop ) ) , $if ( $eq ( $mload ( 0 ) , 1943314746 ) , $%seq ( $pass , $assert ( $iszero ( $callvalue ) ) , $%seq ( $repeat ( 352 , 0 , 4 , $%seq ( $mstore ( 320 , $sload ( $add ( $sha3_32 ( 0 ) , $mload ( 352 ) ) ) ) , $%seq ( $if ( $sgt ( $mload ( 320 ) , 5 ) , $%seq ( $%seq ( $mstore ( 0 , $mload ( 320 ) ) , $return ( 0 , 32 ) ) ) ) ) ) ) ) , $%seq ( $mstore ( 0 , -1 ) , $return ( 0 , 32 ) ) , $stop ) ) ) , 0 ) ) )
