$%seq ( $return ( 0 , $lll ( $%seq ( $%seq ( $mstore ( 28 , $calldataload ( 0 ) ) , $mstore ( 32 , 1461501637330902918203684832716283019655932542976 ) , $mstore ( 64 , 170141183460469231731687303715884105727 ) , $mstore ( 96 , -170141183460469231731687303715884105728 ) , $mstore ( 128 , 1701411834604692317316873037158841057270000000000 ) , $mstore ( 160 , -1701411834604692317316873037158841057280000000000 ) ) , $if ( $eq ( $mload ( 0 ) , 818467290 ) , $%seq ( $calldatacopy ( 320 , 4 , 32 ) , $assert ( $iszero ( $callvalue ) ) , $%seq ( $calldatacopy ( 352 , $add ( 4 , $calldataload ( $add ( 4 , 0 ) ) ) , 82 ) , $assert ( $le ( $calldataload ( $add ( 4 , $calldataload ( $add ( 4 , 0 ) ) ) ) , 50 ) ) ) , $sstore ( 0 , 5 ) , $with ( $_pos , $with ( $_start , 3 , $with ( $_length , 3 , $with ( $_opos , $add ( 480 , $mod ( $_start , 32 ) ) , $%seq ( $assert ( $lt ( $add ( $_start , $_length ) , 50 ) ) , $with ( $_l , 50 , $pop ( $call ( 23 , 4 , 0 , $add ( 352 , $add ( $sub ( $_start , $mod ( $_start , 32 ) ) , 32 ) ) , $_l , 512 , $_l ) ) ) , $mstore ( $_opos , $_length ) , $_opos ) ) ) ) , $with ( $_pos , $_pos , $with ( $_opos , $sha3_32 ( 1 ) , $with ( $_actual_len , $add ( $mload ( $_pos ) , 32 ) , $repeat ( 256 , 0 , 2 , $%seq ( $if ( $gt ( $mul ( 32 , $mload ( 256 ) ) , $_actual_len ) , $break ) , $sstore ( $add ( $_opos , $mload ( 256 ) ) , $mload ( $add ( $_pos , $mul ( 32 , $mload ( 256 ) ) ) ) ) ) ) ) ) ) ) , $sstore ( 2 , 7 ) , $%seq ( $with ( $_pos , 1 , $with ( $_pos , $sha3_32 ( $_pos ) , $with ( $_opos , 672 , $with ( $_actual_len , $add ( $sload ( $_pos ) , 32 ) , $repeat ( 256 , 0 , 3 , $%seq ( $if ( $gt ( $mul ( 32 , $mload ( 256 ) ) , $_actual_len ) , $break ) , $mstore ( $add ( $_opos , $mul ( 32 , $mload ( 256 ) ) ) , $sload ( $add ( $_pos , $mload ( 256 ) ) ) ) ) ) ) ) ) ) , $mstore ( 640 , 32 ) , $return ( 640 , $add ( $ceil32 ( $mload ( 672 ) ) , 64 ) ) ) , $stop ) ) , $if ( $eq ( $mload ( 0 ) , 3159743964 ) , $%seq ( $calldatacopy ( 320 , 4 , 32 ) , $assert ( $iszero ( $callvalue ) ) , $%seq ( $calldatacopy ( 352 , $add ( 4 , $calldataload ( $add ( 4 , 0 ) ) ) , 82 ) , $assert ( $le ( $calldataload ( $add ( 4 , $calldataload ( $add ( 4 , 0 ) ) ) ) , 50 ) ) ) , $sstore ( 0 , 5 ) , $with ( $_pos , $with ( $_start , 3 , $with ( $_length , 3 , $with ( $_opos , $add ( 480 , $mod ( $_start , 32 ) ) , $%seq ( $assert ( $lt ( $add ( $_start , $_length ) , 50 ) ) , $with ( $_l , 50 , $pop ( $call ( 23 , 4 , 0 , $add ( 352 , $add ( $sub ( $_start , $mod ( $_start , 32 ) ) , 32 ) ) , $_l , 512 , $_l ) ) ) , $mstore ( $_opos , $_length ) , $_opos ) ) ) ) , $with ( $_pos , $_pos , $with ( $_opos , $sha3_32 ( 1 ) , $with ( $_actual_len , $add ( $mload ( $_pos ) , 32 ) , $repeat ( 256 , 0 , 2 , $%seq ( $if ( $gt ( $mul ( 32 , $mload ( 256 ) ) , $_actual_len ) , $break ) , $sstore ( $add ( $_opos , $mload ( 256 ) ) , $mload ( $add ( $_pos , $mul ( 32 , $mload ( 256 ) ) ) ) ) ) ) ) ) ) ) , $sstore ( 2 , 7 ) , $%seq ( $mstore ( 0 , $clamp ( $mload ( 96 ) , $mul ( $sload ( 0 ) , $sload ( 2 ) ) , $mload ( 64 ) ) ) , $return ( 0 , 32 ) ) , $stop ) ) ) , 0 ) ) )
