$%seq ( $return ( 0 , $lll ( $%seq ( $%seq ( $mstore ( 28 , $calldataload ( 0 ) ) , $mstore ( 32 , 1461501637330902918203684832716283019655932542976 ) , $mstore ( 64 , 170141183460469231731687303715884105727 ) , $mstore ( 96 , -170141183460469231731687303715884105728 ) , $mstore ( 128 , 1701411834604692317316873037158841057270000000000 ) , $mstore ( 160 , -1701411834604692317316873037158841057280000000000 ) ) , $if ( $eq ( $mload ( 0 ) , 818467290 ) , $%seq ( $calldatacopy ( 320 , 4 , 32 ) , $assert ( $iszero ( $callvalue ) ) , $%seq ( $calldatacopy ( 352 , $add ( 4 , $calldataload ( $add ( 4 , 0 ) ) ) , 42 ) , $assert ( $le ( $calldataload ( $add ( 4 , $calldataload ( $add ( 4 , 0 ) ) ) ) , 10 ) ) ) , $mstore ( 448 , 5 ) , $with ( $_source , $with ( $_start , 3 , $with ( $_length , 3 , $with ( $_opos , $add ( 480 , $mod ( $_start , 32 ) ) , $%seq ( $assert ( $lt ( $add ( $_start , $_length ) , 10 ) ) , $with ( $_l , 10 , $pop ( $call ( 19 , 4 , 0 , $add ( 352 , $add ( $sub ( $_start , $mod ( $_start , 32 ) ) , 32 ) ) , $_l , 512 , $_l ) ) ) , $mstore ( $_opos , $_length ) , $_opos ) ) ) ) , $with ( $_sz , $add ( 32 , $mload ( $_source ) ) , $assert ( $call ( $add ( 18 , $div ( $_sz , 10 ) ) , 4 , 0 , $_source , $_sz , 608 , $_sz ) ) ) ) , $mstore ( 704 , 7 ) , $with ( $_loc , 608 , $%seq ( $mstore ( $sub ( $_loc , 32 ) , 32 ) , $return ( $sub ( $_loc , 32 ) , $ceil32 ( $add ( $mload ( $_loc ) , 64 ) ) ) ) ) , $stop ) ) , $if ( $eq ( $mload ( 0 ) , 3159743964 ) , $%seq ( $calldatacopy ( 320 , 4 , 32 ) , $assert ( $iszero ( $callvalue ) ) , $%seq ( $calldatacopy ( 352 , $add ( 4 , $calldataload ( $add ( 4 , 0 ) ) ) , 42 ) , $assert ( $le ( $calldataload ( $add ( 4 , $calldataload ( $add ( 4 , 0 ) ) ) ) , 10 ) ) ) , $mstore ( 448 , 5 ) , $with ( $_source , $with ( $_start , 3 , $with ( $_length , 3 , $with ( $_opos , $add ( 480 , $mod ( $_start , 32 ) ) , $%seq ( $assert ( $lt ( $add ( $_start , $_length ) , 10 ) ) , $with ( $_l , 10 , $pop ( $call ( 19 , 4 , 0 , $add ( 352 , $add ( $sub ( $_start , $mod ( $_start , 32 ) ) , 32 ) ) , $_l , 512 , $_l ) ) ) , $mstore ( $_opos , $_length ) , $_opos ) ) ) ) , $with ( $_sz , $add ( 32 , $mload ( $_source ) ) , $assert ( $call ( $add ( 18 , $div ( $_sz , 10 ) ) , 4 , 0 , $_source , $_sz , 608 , $_sz ) ) ) ) , $mstore ( 704 , 7 ) , $%seq ( $mstore ( 0 , $clamp ( $mload ( 96 ) , $mul ( $mload ( 448 ) , $mload ( 704 ) ) , $mload ( 64 ) ) ) , $return ( 0 , 32 ) ) , $stop ) ) ) , 0 ) ) )
