$%seq ( $return ( 0 , $lll ( $%seq ( $%seq ( $mstore ( 28 , $calldataload ( 0 ) ) , $mstore ( 32 , 1461501637330902918203684832716283019655932542976 ) , $mstore ( 64 , 170141183460469231731687303715884105727 ) , $mstore ( 96 , -170141183460469231731687303715884105728 ) , $mstore ( 128 , 1701411834604692317316873037158841057270000000000 ) , $mstore ( 160 , -1701411834604692317316873037158841057280000000000 ) ) , $if ( $eq ( $mload ( 0 ) , 2355078146 ) , $%seq ( $calldatacopy ( 320 , 4 , 64 ) , $assert ( $iszero ( $callvalue ) ) , $pass , $pass , $%seq ( $mstore ( 0 , $%seq ( $assert ( $ge ( $add ( $mload ( 320 ) , $mload ( 352 ) ) , $mload ( 320 ) ) ) , $add ( $mload ( 320 ) , $mload ( 352 ) ) ) ) , $return ( 0 , 32 ) ) , $stop ) ) , $if ( $eq ( $mload ( 0 ) , 2923037113 ) , $%seq ( $calldatacopy ( 320 , 4 , 64 ) , $assert ( $iszero ( $callvalue ) ) , $pass , $pass , $%seq ( $mstore ( 0 , $%seq ( $assert ( $ge ( $mload ( 320 ) , $mload ( 352 ) ) ) , $sub ( $mload ( 320 ) , $mload ( 352 ) ) ) ) , $return ( 0 , 32 ) ) , $stop ) ) , $if ( $eq ( $mload ( 0 ) , 561936549 ) , $%seq ( $calldatacopy ( 320 , 4 , 64 ) , $assert ( $iszero ( $callvalue ) ) , $pass , $pass , $%seq ( $mstore ( 0 , $%seq ( $assert ( $or ( $iszero ( $mload ( 320 ) ) , $eq ( $div ( $mul ( $mload ( 320 ) , $mload ( 352 ) ) , $mload ( 320 ) ) , $mload ( 352 ) ) ) ) , $mul ( $mload ( 320 ) , $mload ( 352 ) ) ) ) , $return ( 0 , 32 ) ) , $stop ) ) , $if ( $eq ( $mload ( 0 ) , 4006702424 ) , $%seq ( $calldatacopy ( 320 , 4 , 64 ) , $assert ( $iszero ( $callvalue ) ) , $pass , $pass , $%seq ( $mstore ( 0 , $%seq ( $assert ( $mload ( 352 ) ) , $div ( $mload ( 320 ) , $mload ( 352 ) ) ) ) , $return ( 0 , 32 ) ) , $stop ) ) , $if ( $eq ( $mload ( 0 ) , 2892305865 ) , $%seq ( $calldatacopy ( 320 , 4 , 64 ) , $assert ( $iszero ( $callvalue ) ) , $pass , $pass , $%seq ( $mstore ( 0 , $gt ( $mload ( 320 ) , $mload ( 352 ) ) ) , $return ( 0 , 32 ) ) , $stop ) ) , $if ( $eq ( $mload ( 0 ) , 4025745942 ) , $%seq ( $calldatacopy ( 320 , 4 , 64 ) , $assert ( $iszero ( $callvalue ) ) , $pass , $pass , $%seq ( $mstore ( 0 , $ge ( $mload ( 320 ) , $mload ( 352 ) ) ) , $return ( 0 , 32 ) ) , $stop ) ) , $if ( $eq ( $mload ( 0 ) , 1352768697 ) , $%seq ( $calldatacopy ( 320 , 4 , 64 ) , $assert ( $iszero ( $callvalue ) ) , $pass , $pass , $%seq ( $mstore ( 0 , $lt ( $mload ( 320 ) , $mload ( 352 ) ) ) , $return ( 0 , 32 ) ) , $stop ) ) , $if ( $eq ( $mload ( 0 ) , 871682203 ) , $%seq ( $calldatacopy ( 320 , 4 , 64 ) , $assert ( $iszero ( $callvalue ) ) , $pass , $pass , $%seq ( $mstore ( 0 , $le ( $mload ( 320 ) , $mload ( 352 ) ) ) , $return ( 0 , 32 ) ) , $stop ) ) ) , 0 ) ) )
