$%seq ( $return ( 0 , $lll ( $%seq ( $%seq ( $mstore ( 28 , $calldataload ( 0 ) ) , $mstore ( 32 , 1461501637330902918203684832716283019655932542976 ) , $mstore ( 64 , 170141183460469231731687303715884105727 ) , $mstore ( 96 , -170141183460469231731687303715884105728 ) , $mstore ( 128 , 1701411834604692317316873037158841057270000000000 ) , $mstore ( 160 , -1701411834604692317316873037158841057280000000000 ) ) , $if ( $eq ( $mload ( 0 ) , 3264763256 ) , $%seq ( $pass , $assert ( $iszero ( $callvalue ) ) , $with ( $_L , $sha3_32 ( 0 ) , $%seq ( $sstore ( $add ( $_L , $uclamplt ( 0 , 3 ) ) , $mul ( 1 , 10000000000 ) ) , $sstore ( $add ( $_L , $uclamplt ( 1 , 3 ) ) , 21000000000 ) , $sstore ( $add ( $_L , $uclamplt ( 2 , 3 ) ) , $mul ( 3 , 10000000000 ) ) ) ) , $stop ) ) ) , 0 ) ) )
